(!) The time period you entered is not in the scope of the database
