(!) Given account already exists, please try again
