(!) Given account does not exist, please try again
(!) Incorrect password, please try again
