(!) The entered location is too far away from any sensors
