
=========================
 Welcome to AirWatch :
=========================

1. Login
2. Register
3. Exit
> :
Login
-----

Email : Password :
=========================
 Main menu :
=========================

1. Sensor analytics
2. Cleaner analytics
3. Register Air Cleaning Company
4. Log out
> : > : > :
=========================
 Sensor analytics menu :
=========================

1. Get the air quality of a given location
2. Get the air quality of a given area
3. See sensor reliabilities
4. Find data similarities
5. Go back
> :
=========================
 Main menu :
=========================

1. Sensor analytics
2. Cleaner analytics
3. Register Air Cleaning Company
4. Log out
> :
=========================
 Welcome to AirWatch :
=========================

1. Login
2. Register
3. Exit
> :
