(!) Please enter an integer value for >
(!) Invalid choice, please try again
