(!) Please enter a correct DD/MM/YYYY date for Start Time
(!) The entered time period is invalid, please try again
