
=========================
 Welcome to AirWatch :
=========================

1. Login
2. Register
3. Exit
> :
Login
-----

Email : Password :
=========================
 Main menu :
=========================

1. Sensor analytics
2. Cleaner analytics
3. Register Air Cleaning Company
4. Log out
> :
Cleaner Contribution
--------------------

Cleaner ID : Cleaner ID :
Radius of effect : 100 m
ATMO level decrease : 2

=========================
 Main menu :
=========================

1. Sensor analytics
2. Cleaner analytics
3. Register Air Cleaning Company
4. Log out
> :
=========================
 Welcome to AirWatch :
=========================

1. Login
2. Register
3. Exit
> :
