
=========================
 Welcome to AirWatch :
=========================

1. Login
2. Register
3. Exit
> :

Register as a private individual
--------------------------------

Email :
Password :
Password :

Account successfully registered, please log in

=========================
 Welcome to AirWatch :
=========================

1. Login
2. Register
3. Exit
> :
