(!) The password must have 6 to 20 characters, please try again
